version https://git-lfs.github.com/spec/v1
oid sha256:d149308b8600adba750e950cd343af0f04417a837787f0352a3283d2721c5863
size 149897216
